#-----------------------------------------------------------
# Vivado v2023.2 (64-bit)
# SW Build 4029153 on Fri Oct 13 20:13:54 MDT 2023
# IP Build 4028589 on Sat Oct 14 00:45:43 MDT 2023
# SharedData Build 4025554 on Tue Oct 10 17:18:54 MDT 2023
# Start of session at: Sun Jun  2 12:31:58 2024
# Process ID: 1836676
# Current directory: /home/michael/Documents/personalProj/Nandland/chapter8/Memory_Game/Memory_Game.runs/impl_1
# Command line: vivado -log State_Machine_Project_Top.vdi -applog -product Vivado -messageDb vivado.pb -mode batch -source State_Machine_Project_Top.tcl -notrace
# Log file: /home/michael/Documents/personalProj/Nandland/chapter8/Memory_Game/Memory_Game.runs/impl_1/State_Machine_Project_Top.vdi
# Journal file: /home/michael/Documents/personalProj/Nandland/chapter8/Memory_Game/Memory_Game.runs/impl_1/vivado.jou
# Running On: Michael-T14, OS: Linux, CPU Frequency: 2486.339 MHz, CPU Physical cores: 4, Host memory: 33336 MB
#-----------------------------------------------------------
source State_Machine_Project_Top.tcl -notrace
